--
-- Licensed to the Apache Software Foundation (ASF) under one or more
-- contributor license agreements. See the NOTICE file distributed with
-- this work for additional information regarding copyright ownership.
-- The ASF licenses this file to You under the Apache License, Version 2.0
-- (the "License"); you may not use this file except in compliance with
-- the License. You may obtain a copy of the License at
--
-- http://www.apache.org/licenses/LICENSE-2.0
--
-- Unless required by applicable law or agreed to in writing, software
-- distributed under the License is distributed on an "AS IS" BASIS,
-- WITHOUT WARRANTIES OR CONDITIONS OF ANY KIND, either express or implied.
-- See the License for the specific language governing permissions and
-- limitations under the License.
--
query2.tpl
query3.tpl
query4.tpl
query5.tpl
query6.tpl
query7.tpl
query9.tpl
query11.tpl
query12.tpl
query13.tpl
query14.tpl
query15.tpl
query16.tpl
query17.tpl
query18.tpl
query19.tpl
query20.tpl
query21.tpl
query24.tpl
query26.tpl
query27.tpl
query28.tpl
query30.tpl
query33.tpl
query34.tpl
query36.tpl
query37.tpl
query39.tpl
query40.tpl
query42.tpl
query43.tpl
query44.tpl
query45.tpl
query46.tpl
query48.tpl
query49.tpl
query50.tpl
query52.tpl
query55.tpl
query60.tpl
query64.tpl
query66.tpl
query68.tpl
query71.tpl
query73.tpl
query75.tpl
query76.tpl
query77.tpl
query78.tpl
query79.tpl
query80.tpl
query81.tpl
query82.tpl
query83.tpl
query84.tpl
query85.tpl
query88.tpl
query89.tpl
query90.tpl
query91.tpl
query92.tpl
query93.tpl
query94.tpl
query96.tpl
query98.tpl
